2026-10-07T15:28:08: mosquitto version 2.0.22 starting
2026-10-07T15:28:08: Config loaded from /mosquitto/config/mosquitto.conf.
2026-10-07T15:28:08: Warning: File /mosquitto/config/passwd has world readable permissions. Future versions will refuse to load this file.
To fix this, use `chmod 0700 /mosquitto/config/passwd`.
2026-10-07T15:28:08: Warning: File /mosquitto/config/passwd owner is not mosquitto. Future versions will refuse to load this file.To fix this, use `chown mosquitto /mosquitto/config/passwd`.
2026-10-07T15:28:08: Warning: File /mosquitto/config/passwd group is not mosquitto. Future versions will refuse to load this file.
2026-10-07T15:28:08: Warning: File /mosquitto/config/acl has world readable permissions. Future versions will refuse to load this file.
To fix this, use `chmod 0700 /mosquitto/config/acl`.
2026-10-07T15:28:08: Warning: File /mosquitto/config/acl owner is not mosquitto. Future versions will refuse to load this file.To fix this, use `chown mosquitto /mosquitto/config/acl`.
2026-10-07T15:28:08: Warning: File /mosquitto/config/acl group is not mosquitto. Future versions will refuse to load this file.
2026-10-07T15:28:08: Opening ipv4 listen socket on port 8883.
2026-10-07T15:28:08: Opening ipv6 listen socket on port 8883.
2026-10-07T15:28:08: mosquitto version 2.0.22 running
2026-10-07T15:29:05: New connection from 172.17.0.1:51962 on port 8883.
2026-10-07T15:29:05: New client connected from 172.17.0.1:51962 as status-node (p2, c1, k30, u'status-node').
2026-10-07T15:29:05: No will message specified.
2026-10-07T15:29:05: Sending CONNACK to status-node (0, 0)
2026-10-07T15:29:06: Received SUBSCRIBE from status-node
2026-10-07T15:29:06: 	dsn/cmd/status-node (QoS 1)
2026-10-07T15:29:06: status-node 1 dsn/cmd/status-node
2026-10-07T15:29:06: Sending SUBACK to status-node
2026-10-07T15:29:08: New connection from 172.17.0.1:51964 on port 8883.
2026-10-07T15:29:08: New client connected from 172.17.0.1:51964 as dsn-backend (p2, c1, k30, u'dsn-backend').
2026-10-07T15:29:08: No will message specified.
2026-10-07T15:29:08: Sending CONNACK to dsn-backend (0, 0)
2026-10-07T15:29:09: Received SUBSCRIBE from dsn-backend
2026-10-07T15:29:09: 	dsn/telemetry/# (QoS 1)
2026-10-07T15:29:09: dsn-backend 1 dsn/telemetry/#
2026-10-07T15:29:09: Sending SUBACK to dsn-backend
2026-10-07T15:29:09: Received SUBSCRIBE from dsn-backend
2026-10-07T15:29:09: 	dsn/ack/# (QoS 1)
2026-10-07T15:29:09: dsn-backend 1 dsn/ack/#
2026-10-07T15:29:09: Sending SUBACK to dsn-backend
2026-10-07T15:29:11: New connection from 172.17.0.1:35248 on port 8883.
2026-10-07T15:29:12: New client connected from 172.17.0.1:35248 as esp32-node (p2, c1, k30, u'esp32-node').
2026-10-07T15:29:12: No will message specified.
2026-10-07T15:29:12: Sending CONNACK to esp32-node (0, 0)
2026-10-07T15:29:15: New connection from 172.17.0.1:35256 on port 8883.
2026-10-07T15:29:15: New client connected from 172.17.0.1:35256 as rogue-sensor (p2, c1, k30, u'rogue-sensor').
2026-10-07T15:29:15: No will message specified.
2026-10-07T15:29:15: Sending CONNACK to rogue-sensor (0, 0)
2026-10-07T15:29:18: New connection from 172.17.0.1:35260 on port 8883.
2026-10-07T15:29:18: Sending CONNACK to esp32-bad (0, 5)
2026-10-07T15:29:18: Client esp32-bad disconnected, not authorised.
2026-10-07T15:29:21: New connection from 172.17.0.1:35272 on port 8883.
2026-10-07T15:29:21: Sending CONNACK to anon (0, 5)
2026-10-07T15:29:21: Client anon disconnected, not authorised.
2026-10-07T15:29:21: New connection from 172.17.0.1:35274 on port 8883.
2026-10-07T15:29:21: Sending CONNACK to esp32-bad (0, 5)
2026-10-07T15:29:21: Client esp32-bad disconnected, not authorised.
2026-10-07T15:29:23: Received SUBSCRIBE from rogue-sensor
2026-10-07T15:29:23: 	# (QoS 0)
2026-10-07T15:29:23: rogue-sensor 0 #
2026-10-07T15:29:23: Sending SUBACK to rogue-sensor
2026-10-07T15:29:23: Received SUBSCRIBE from rogue-sensor
2026-10-07T15:29:23: 	dsn/cmd/# (QoS 0)
2026-10-07T15:29:23: rogue-sensor 0 dsn/cmd/#
2026-10-07T15:29:23: Sending SUBACK to rogue-sensor
2026-10-07T15:29:23: Received PUBLISH from esp32-node (d0, q1, r0, m1, 'dsn/telemetry/esp32-node', ... (13 bytes))
2026-10-07T15:29:23: Sending PUBLISH to dsn-backend (d0, q1, r0, m1, 'dsn/telemetry/esp32-node', ... (13 bytes))
2026-10-07T15:29:23: Sending PUBACK to esp32-node (m1, rc0)
2026-10-07T15:29:23: Received PUBLISH from dsn-backend (d0, q1, r0, m3, 'dsn/cmd/status-node', ... (16 bytes))
2026-10-07T15:29:23: Sending PUBLISH to status-node (d0, q1, r0, m1, 'dsn/cmd/status-node', ... (16 bytes))
2026-10-07T15:29:23: Sending PUBACK to dsn-backend (m3, rc0)
2026-10-07T15:29:23: Denied PUBLISH from esp32-node (d0, q1, r0, m2, 'dsn/telemetry/rogue-sensor', ... (15 bytes))
2026-10-07T15:29:23: Sending PUBACK to esp32-node (m2, rc135)
2026-10-07T15:29:23: Received PUBACK from dsn-backend (Mid: 1, RC:0)
2026-10-07T15:29:23: Denied PUBLISH from rogue-sensor (d0, q1, r0, m3, 'dsn/cmd/status-node', ... (18 bytes))
2026-10-07T15:29:23: Sending PUBACK to rogue-sensor (m3, rc135)
2026-10-07T15:29:23: Received PUBLISH from status-node (d0, q1, r0, m2, 'dsn/ack/status-node', ... (27 bytes))
2026-10-07T15:29:23: Sending PUBLISH to dsn-backend (d0, q1, r0, m2, 'dsn/ack/status-node', ... (27 bytes))
2026-10-07T15:29:23: Sending PUBACK to status-node (m2, rc0)
2026-10-07T15:29:23: Received PUBACK from status-node (Mid: 1, RC:0)
2026-10-07T15:29:23: Received PUBACK from dsn-backend (Mid: 2, RC:0)
2026-10-07T15:29:24: New connection from 172.17.0.1:52034 on port 8883.
2026-10-07T15:29:24: Sending CONNACK to anon (0, 5)
2026-10-07T15:29:24: Client anon disconnected, not authorised.
2026-10-07T15:29:25: New connection from 172.17.0.1:52042 on port 8883.
2026-10-07T15:29:25: Sending CONNACK to esp32-bad (0, 5)
2026-10-07T15:29:25: Client esp32-bad disconnected, not authorised.
2026-10-07T15:29:25: Received DISCONNECT from status-node
2026-10-07T15:29:25: Client status-node disconnected.
2026-10-07T15:29:25: Received DISCONNECT from dsn-backend
2026-10-07T15:29:25: Client dsn-backend disconnected.
2026-10-07T15:29:26: Received DISCONNECT from esp32-node
2026-10-07T15:29:26: Client esp32-node disconnected.
2026-10-07T15:29:27: Received DISCONNECT from rogue-sensor
2026-10-07T15:29:27: Client rogue-sensor disconnected.
2026-10-07T15:29:28: New connection from 172.17.0.1:52050 on port 8883.
2026-10-07T15:29:28: Sending CONNACK to anon (0, 5)
2026-10-07T15:29:28: Client anon disconnected, not authorised.
